`




<h4>Vulnerability summary for "label of image"</h4>
<p class="h6 regular italic">test-repo@digest-value</p>


<p>No vulnerabilities reported.</p>












<p class="p1">
<i>scan completed: <span title="&lt;nil&gt;"></span></i> |
<i>source updated: <span title="&lt;nil&gt;"></span></i>
</p>
`
