`




<h4>Vulnerability summary for "test-repo@digest-value"</h4>


<p>âœ… No vulnerabilities reported.</p>












<p>
<i>scan completed: <span title="&lt;nil&gt;"></span></i> |
<i>source updated: <span title="&lt;nil&gt;"></span></i>
</p>
`
