`




<h4>Vulnerability summary for "label of image"</h4>
<p class="h6 regular italic">test-repo@digest-value</p>


<dl class="flex flex-wrap mxn1">




<div class="m1 p1 mr3">
<dt>Critical</dt>
<dd><h1 class="m0 red">1</h1>
<em>+ 1 ignored</em>
</dd>
</div>



<div class="m1 p1 mr3">
<dt>High</dt>
<dd><h1 class="m0 red">1</h1>

</dd>
</div>



<div class="m1 p1 mr3">
<dt>Low</dt>
<dd><h1 class="m0">0</h1>
<em>+ 1 ignored</em>
</dd>
</div>

</dl>












<details class="mb3">
<summary>Vulnerability details</summary>
<div>
<p>All listed scores are CVSS3 unless otherwise noted.</p>

<table>
<tr>
<th>CVE</th>
<th>Severity</th>
<th>Affects</th>
<th>CVSS score</th>
<th>CVSS vector</th>

</tr>

<tr>
<td><details><summary><a href="http://people.ubuntu.com/~ubuntu-security/cve/CVE-2019-5200">CVE-2019-5200</a></summary><div>Another vulnerability.</div></details></td>
<td>Critical</td>
<td>5200-package 5200-version</td>

<td>10.0 <em>(*CVSS2)</em></td><td><a href="https://nvd.nist.gov/vuln-metrics/cvss/v2-calculator?vector=%28AV%3AL%2FAC%3AL%2FAu%3AN%2FC%3AP%2FI%3AP%2FA%3AP%29">AV:L/AC:L/Au:N/C:P/I:P/A:P</a></td>


</tr>

<tr>
<td><details><summary><a href="http://people.ubuntu.com/~ubuntu-security/cve/CVE-2019-5188">CVE-2019-5188</a></summary><div>A code execution vulnerability exists in the directory rehashing functionality of E2fsprogs e2fsck 1.45.4. A specially crafted ext4 directory can cause an out-of-bounds write on the stack, resulting in code execution. An attacker can corrupt a partition to trigger this vulnerability.</div></details></td>
<td>High</td>
<td>e2fsprogs 1.44.1-1ubuntu1.1</td>

<td>4.6 <em>(*CVSS2)</em></td><td><a href="https://nvd.nist.gov/vuln-metrics/cvss/v2-calculator?vector=%28AV%3AL%2FAC%3AL%2FAu%3AN%2FC%3AP%2FI%3AP%2FA%3AP%29">AV:L/AC:L/Au:N/C:P/I:P/A:P</a></td>


</tr>

</table>



<h5>Ignored vulnerabilities</h5>
<p class="italic">The below findings have been ignored for the purposes of threshold calculations. See the table for details, and adjust the plugin configuration if this is incorrect.</p>
<table>
<tr>
<th>CVE</th>
<th>Severity</th>
<th>Ignored until</th>
<th>Affects</th>
<th>CVSS score</th>
<th>CVSS vector</th>

</tr>

<tr>
<td><details><summary><a href="http://people.ubuntu.com/~ubuntu-security/cve/CVE-2019-5300">CVE-2019-5300</a></summary><div>Another vulnerability.</div></details></td>
<td>Critical</td>
<td><details><summary>2023-12-31</summary><div>


Ignored to give the base image a chance to be updated

</div></details></td>
<td>5300-package 5300-version</td>

<td>9.0</td><td><a href="https://nvd.nist.gov/vuln-metrics/cvss/v3-calculator?vector=AV%3AN%2FAC%3AL%2FPR%3AN%2FUI%3AN%2FS%3AU%2FC%3AH%2FI%3AH%2FA%3AN&amp;version=3.1">AV:N/AC:L/PR:N/UI:N/S:U/C:H/I:H/A:N</a></td>


</tr>

<tr>
<td><details><summary><a href="http://people.ubuntu.com/~ubuntu-security/cve/CVE-2023-100">CVE-2023-100</a></summary><div>A vulnerability present in some software but isn&#39;t that bad.</div></details></td>
<td>Low</td>
<td><div class="italic">(indefinitely)</div></td>
<td>100-package 100-version</td>

<td>4.0 <em>(*CVSS2)</em></td><td><a href="https://nvd.nist.gov/vuln-metrics/cvss/v2-calculator?vector=%28AV%3AL%2FAC%3AL%2FAu%3AN%2FC%3AP%2FI%3AP%2FA%3AP%29">AV:L/AC:L/Au:N/C:P/I:P/A:P</a></td>


</tr>

</table>

</div>
</details>

<p>
<i>scan completed: <span title="&lt;nil&gt;"></span></i> |
<i>source updated: <span title="&lt;nil&gt;"></span></i>
</p>
`
